°  h                         8   ,      Æ –÷$‚     è¿™æ˜¯debugä¿¡æ¯      net    mxlogger    p                         @   ,      Æ –÷$‚     è¿™æ˜¯debugä¿¡æ¯      response       mxlogger    p         $             @   0      Æ –÷$‚         è¿™æ˜¯infoä¿¡æ¯       request    mxlogger    p         $             @   0      Æ –÷$‚         è¿™æ˜¯warnä¿¡æ¯       step       mxlogger    `                           ,      Æ –÷$‚     è¿™æ˜¯errorä¿¡æ¯      mxlogger    `                           ,      Æ –÷$‚     è¿™æ˜¯fatalä¿¡æ¯      mxlogger    h                         8   ,      Æ ö÷$‚     è¿™æ˜¯debugä¿¡æ¯      net    mxlogger    p                         @   ,      Æ ö÷$‚     è¿™æ˜¯debugä¿¡æ¯      response       mxlogger    p         $             @   0      Æ ö÷$‚         è¿™æ˜¯infoä¿¡æ¯       request    mxlogger    p         $             @   0      Æ ö÷$‚         è¿™æ˜¯warnä¿¡æ¯       step       mxlogger    `                           ,      Æ ö÷$‚     è¿™æ˜¯errorä¿¡æ¯      mxlogger    `                           ,      Æ ö÷$‚     è¿™æ˜¯fatalä¿¡æ¯      mxlogger    h                         8   ,      Æ b÷$‚     è¿™æ˜¯debugä¿¡æ¯      net    mxlogger    p                         @   ,      Æ b÷$‚     è¿™æ˜¯debugä¿¡æ¯      response       mxlogger    p         $             @   0      Æ b÷$‚         è¿™æ˜¯infoä¿¡æ¯       request    mxlogger    p         $             @   0      Æ b÷$‚         è¿™æ˜¯warnä¿¡æ¯       step       mxlogger    `                           ,      Æ b÷$‚     è¿™æ˜¯errorä¿¡æ¯      mxlogger    `                           ,      Æ b÷$‚     è¿™æ˜¯fatalä¿¡æ¯      mxlogger                                                                                                                                                                                                                                                                                                                                                                                                                                                                                                                                                                                                                                                                                                                                                                                                                                                                                                                                                                                                                                                                                                                                                                                                                                                                                                                                                                                                                                                                                                                                                                                                                                                                                                                                                                                                                                                                                                                                                                                                                                                                                                                                                                                                                